 * Detected change in 'C:\\wamp64\\www\\fyyur\\app.py', reloading
